HOST=Zabbix-Monitoring STAMP=20260828T114132Z DRY_RUN=1 NIVEAU=1
AVANT / used=18G avail=9.0G pct=66%
== NIVEAU 1 : journal, caches, tmp ==
[DRY] journalctl --vacuum-size=200M
[DRY] journalctl --vacuum-time=7d
[DRY] apt-get -y clean
[DRY] apt-get -y autoclean
[DRY] find /tmp /var/tmp -xdev -type f -mtime +10 -print -delete
[DRY] find /var/crash /var/spool/abrt -xdev -type f -mtime +14 -print -delete 2>/dev/null || true
[DRY] find /var/log -xdev -type f \( -name '*.gz' -o -name '*.1' -o -name '*.old' \) -mtime +7 -delete
== NIVEAU 1b : cache VS Code Remote (workspace + VSIX, pas le serveur) ==
[DRY] find /home/user/.vscode-server/data/User/workspaceStorage -mindepth 1 -maxdepth 1 -exec rm -rf {} +
[DRY] rm -rf /home/user/.vscode-server/data/CachedExtensionVSIXs
APRES / used=18G avail=9.0G pct=66%
LOG=/var/log/disk-hygiene/cleanup-k3s-worker-node-2.log FIN_CLEANUP
HOST=Zabbix-Monitoring STAMP=20260828T114212Z DRY_RUN=0 NIVEAU=3
AVANT / used=18G avail=9.0G pct=66%
== NIVEAU 1 : journal, caches, tmp ==
[RUN] journalctl --vacuum-size=200M
Vacuuming done, freed 0B of archived journals from /var/log/journal.
Vacuuming done, freed 0B of archived journals from /run/log/journal.
Deleted archived journal /var/log/journal/b66f199105d0429183d4a0ab49edd449/system@fb0a812cbdf342ca8a43b5be7d0d2d9a-0000000000773725-0006596af450c83f.journal (89.6M).
Deleted archived journal /var/log/journal/b66f199105d0429183d4a0ab49edd449/system@fb0a812cbdf342ca8a43b5be7d0d2d9a-000000000079a2ff-00065984ff4e6745.journal (86.3M).
Deleted archived journal /var/log/journal/b66f199105d0429183d4a0ab49edd449/user-1000@fb0a812cbdf342ca8a43b5be7d0d2d9a-00000000007a00cb-000659879b773fa6.journal (3.6M).
Deleted archived journal /var/log/journal/b66f199105d0429183d4a0ab49edd449/system@fb0a812cbdf342ca8a43b5be7d0d2d9a-00000000007bfd60-0006599760edd15e.journal (86.4M).
Deleted archived journal /var/log/journal/b66f199105d0429183d4a0ab49edd449/user-1000@fb0a812cbdf342ca8a43b5be7d0d2d9a-00000000007c9e52-0006599bd1fb4dc9.journal (3.5M).
Deleted archived journal /var/log/journal/b66f199105d0429183d4a0ab49edd449/system@fb0a812cbdf342ca8a43b5be7d0d2d9a-00000000007e51d4-000659a7c7aadc8d.journal (87.4M).
Deleted archived journal /var/log/journal/b66f199105d0429183d4a0ab49edd449/user-1000@fb0a812cbdf342ca8a43b5be7d0d2d9a-00000000007f79db-000659afeffeac37.journal (3.5M).
Deleted archived journal /var/log/journal/b66f199105d0429183d4a0ab49edd449/system@fb0a812cbdf342ca8a43b5be7d0d2d9a-000000000080a6aa-000659b78c20a572.journal (88.5M).
Deleted archived journal /var/log/journal/b66f199105d0429183d4a0ab49edd449/user-1000@fb0a812cbdf342ca8a43b5be7d0d2d9a-00000000008271fb-000659c40de40e54.journal (3.5M).
Deleted archived journal /var/log/journal/b66f199105d0429183d4a0ab49edd449/system@fb0a812cbdf342ca8a43b5be7d0d2d9a-000000000083001d-000659c721ddc1ca.journal (87.1M).
Deleted archived journal /var/log/journal/b66f199105d0429183d4a0ab49edd449/system@fb0a812cbdf342ca8a43b5be7d0d2d9a-0000000000855c54-000659d7cf04f6f2.journal (87.0M).
Deleted archived journal /var/log/journal/b66f199105d0429183d4a0ab49edd449/user-1000@fb0a812cbdf342ca8a43b5be7d0d2d9a-00000000008568fd-000659d82bbdcae4.journal (3.5M).
Deleted archived journal /var/log/journal/b66f199105d0429183d4a0ab49edd449/system@fb0a812cbdf342ca8a43b5be7d0d2d9a-000000000087b67e-000659e8a7b64972.journal (87.1M).
Vacuuming done, freed 717.8M of archived journals from /var/log/journal/b66f199105d0429183d4a0ab49edd449.
[RUN] journalctl --vacuum-time=7d
Vacuuming done, freed 0B of archived journals from /var/log/journal.
Vacuuming done, freed 0B of archived journals from /run/log/journal.
Vacuuming done, freed 0B of archived journals from /var/log/journal/b66f199105d0429183d4a0ab49edd449.
[RUN] apt-get -y clean
[RUN] apt-get -y autoclean
Reading package lists...
Building dependency tree...
Reading state information...
[RUN] find /tmp /var/tmp -xdev -type f -mtime +10 -print -delete
[RUN] find /var/crash /var/spool/abrt -xdev -type f -mtime +14 -print -delete 2>/dev/null || true
[RUN] find /var/log -xdev -type f \( -name '*.gz' -o -name '*.1' -o -name '*.old' \) -mtime +7 -delete
== NIVEAU 1b : cache VS Code Remote (workspace + VSIX, pas le serveur) ==
[RUN] find /home/user/.vscode-server/data/User/workspaceStorage -mindepth 1 -maxdepth 1 -exec rm -rf {} +
find: ‘/home/user/.vscode-server/data/User/workspaceStorage’: No such file or directory
[WARN] échec find /home/user/.vscode-server/data/User/workspaceStorage -mindepth 1 -maxdepth 1 -exec rm -rf {} +
[RUN] rm -rf /home/user/.vscode-server/data/CachedExtensionVSIXs
== NIVEAU 2 : logs runtime + pods morts ==
[RUN] logrotate -f /etc/logrotate.conf
== NIVEAU 3 : prune images non utilisées (fenêtre de maintenance) ==
[RUN] crictl --runtime-endpoint unix:///run/containerd/containerd.sock rmi --prune
Deleted: docker.io/library/busybox:latest
Deleted: quay.io/prometheus-operator/prometheus-config-reloader:v0.93.1
Deleted: quay.io/prometheus/node-exporter:v1.12.1-distroless
Deleted: ghcr.io/jkroepke/kube-webhook-certgen:1.8.4
Deleted: docker.io/library/alpine:latest
Deleted: quay.io/prometheus/prometheus:v3.14.0-distroless
Deleted: registry.k8s.io/kube-state-metrics/kube-state-metrics:v2.20.0
Deleted: ghcr.io/jkroepke/kube-webhook-certgen:1.8.5
Deleted: quay.io/prometheus-operator/prometheus-operator:v0.93.1
[RUN] ctr -n k8s.io snapshots prune
No help topic for 'prune'
[WARN] échec ctr -n k8s.io snapshots prune
[RUN] ctr -n k8s.io content prune references || true
NIVEAU 3 ne touche PAS à Longhorn, etcd, PVC, /var/lib/containerd en rm.
APRES / used=15G avail=12G pct=57%
LOG=/var/log/disk-hygiene/cleanup-k3s-worker-node-2.log FIN_CLEANUP
HOST=Zabbix-Monitoring STAMP=20260831T085234Z DRY_RUN=1 NIVEAU=1
AVANT / used=16G avail=12G pct=58%
== NIVEAU 1 : journal, caches, tmp ==
[DRY] journalctl --vacuum-size=200M
[DRY] journalctl --vacuum-time=7d
[DRY] apt-get -y clean
[DRY] apt-get -y autoclean
[DRY] find /tmp /var/tmp -xdev -type f -mtime +10 -print -delete
[DRY] find /var/crash /var/spool/abrt -xdev -type f -mtime +14 -print -delete 2>/dev/null || true
[DRY] find /var/log -xdev -type f \( -name '*.gz' -o -name '*.1' -o -name '*.old' \) -mtime +7 -delete
== NIVEAU 1b : cache VS Code Remote (workspace + VSIX, pas le serveur) ==
[DRY] find /home/user/.vscode-server/data/User/workspaceStorage -mindepth 1 -maxdepth 1 -exec rm -rf {} +
[DRY] rm -rf /home/user/.vscode-server/data/CachedExtensionVSIXs
APRES / used=16G avail=12G pct=58%
LOG=/var/log/disk-hygiene/cleanup-k3s-worker-node-2.log FIN_CLEANUP
HOST=Zabbix-Monitoring STAMP=20260831T085753Z DRY_RUN=0 NIVEAU=3
AVANT / used=16G avail=12G pct=58%
== NIVEAU 1 : journal, caches, tmp ==
[RUN] journalctl --vacuum-size=200M
Deleted archived journal /var/log/journal/b66f199105d0429183d4a0ab49edd449/user-1000@fb0a812cbdf342ca8a43b5be7d0d2d9a-0000000000883750-000659ec499ff707.journal (3.5M).
Deleted archived journal /var/log/journal/b66f199105d0429183d4a0ab49edd449/system@fb0a812cbdf342ca8a43b5be7d0d2d9a-00000000008a0e2f-000659f93088155e.journal (88.0M).
Deleted archived journal /var/log/journal/b66f199105d0429183d4a0ab49edd449/user-1000@fb0a812cbdf342ca8a43b5be7d0d2d9a-00000000008b150d-00065a0067856d24.journal (3.5M).
Deleted archived journal /var/log/journal/b66f199105d0429183d4a0ab49edd449/system@fb0a812cbdf342ca8a43b5be7d0d2d9a-00000000008c64b5-00065a099028a380.journal (86.9M).
Deleted archived journal /var/log/journal/b66f199105d0429183d4a0ab49edd449/user-1000@fb0a812cbdf342ca8a43b5be7d0d2d9a-00000000008deb74-00065a14855ec501.journal (3.7M).
Deleted archived journal /var/log/journal/b66f199105d0429183d4a0ab49edd449/system@fb0a812cbdf342ca8a43b5be7d0d2d9a-00000000008ebb96-00065a1a22fae54e.journal (86.8M).
Deleted archived journal /var/log/journal/b66f199105d0429183d4a0ab49edd449/user-1000@fb0a812cbdf342ca8a43b5be7d0d2d9a-000000000090c2b7-00065a28a34318f8.journal (3.5M).
Deleted archived journal /var/log/journal/b66f199105d0429183d4a0ab49edd449/system@fb0a812cbdf342ca8a43b5be7d0d2d9a-00000000009114dc-00065a2aef7d5b43.journal (86.8M).
Vacuuming done, freed 363.1M of archived journals from /var/log/journal/b66f199105d0429183d4a0ab49edd449.
Vacuuming done, freed 0B of archived journals from /run/log/journal.
Vacuuming done, freed 0B of archived journals from /var/log/journal.
[RUN] journalctl --vacuum-time=7d
Vacuuming done, freed 0B of archived journals from /var/log/journal/b66f199105d0429183d4a0ab49edd449.
Vacuuming done, freed 0B of archived journals from /run/log/journal.
Vacuuming done, freed 0B of archived journals from /var/log/journal.
[RUN] apt-get -y clean
[RUN] apt-get -y autoclean
Reading package lists...
Building dependency tree...
Reading state information...
[RUN] find /tmp /var/tmp -xdev -type f -mtime +10 -print -delete
[RUN] find /var/crash /var/spool/abrt -xdev -type f -mtime +14 -print -delete 2>/dev/null || true
[RUN] find /var/log -xdev -type f \( -name '*.gz' -o -name '*.1' -o -name '*.old' \) -mtime +7 -delete
== NIVEAU 1b : cache VS Code Remote (workspace + VSIX, pas le serveur) ==
[RUN] find /home/user/.vscode-server/data/User/workspaceStorage -mindepth 1 -maxdepth 1 -exec rm -rf {} +
find: ‘/home/user/.vscode-server/data/User/workspaceStorage’: No such file or directory
[WARN] échec find /home/user/.vscode-server/data/User/workspaceStorage -mindepth 1 -maxdepth 1 -exec rm -rf {} +
[RUN] rm -rf /home/user/.vscode-server/data/CachedExtensionVSIXs
== NIVEAU 2 : logs runtime + pods morts ==
[RUN] logrotate -f /etc/logrotate.conf
== NIVEAU 3 : prune images non utilisées (fenêtre de maintenance) ==
[RUN] crictl --runtime-endpoint unix:///run/containerd/containerd.sock rmi --prune
[RUN] ctr -n k8s.io snapshots prune
No help topic for 'prune'
[WARN] échec ctr -n k8s.io snapshots prune
[RUN] ctr -n k8s.io content prune references || true
NIVEAU 3 ne touche PAS à Longhorn, etcd, PVC, /var/lib/containerd en rm.
APRES / used=15G avail=12G pct=56%
LOG=/var/log/disk-hygiene/cleanup-k3s-worker-node-2.log FIN_CLEANUP
